Resource Report
Microsemi Corporation - Microsemi Libero Software Release v12.1 (Version 12.600.0.14)
Date: Fri Aug  2 17:11:25 2019

Device Selection
+--------------------------------+----------------+
| Family                         | SmartFusion2   |
| Device                         | M2S025         |
| Package                        | 256 VF         |
| Speed Grade                    | STD            |
| Temp                           | 0:25:85        |
| Voltage                        | 1.26:1.20:1.14 |
| Core Voltage                   | 1.2V           |
| Ramp Rate                      | 100ms Minimum  |
| System Controller Suspend Mode | No             |
| PLL Supply Voltage             | 3.3V           |
| Default I/O technology         | LVCMOS 2.5V    |
| Restrict Probe Pins            | Yes            |
| Restrict SPI Pins              | No             |
+--------------------------------+----------------+

Source Files
+---------+---------------------------------------------------------------------------+
| Topcell | Fabric_Top                                                                |
| Format  | Verilog                                                                   |
| Source  | C:\Creative-Eval-Board-master\SmartFusion2_Fabric\synthesis\Fabric_Top.vm |
+---------+---------------------------------------------------------------------------+

Options
+----------------------------------------------------+-------+
| Enable Single Event Transient mitigation           | false |
| Enable Design Separation Methodology               | false |
| Limit the number of high fanout nets to display to | 10    |
+----------------------------------------------------+-------+

Resource Usage
+---------------------------+------+-------+------------+
| Type                      | Used | Total | Percentage |
+---------------------------+------+-------+------------+
| 4LUT                      | 43   | 27696 | 0.16       |
| DFF                       | 25   | 27696 | 0.09       |
| I/O Register              | 0    | 414   | 0.00       |
| User I/O                  | 5    | 138   | 3.62       |
| -- Single-ended I/O       | 5    | 138   | 3.62       |
| -- Differential I/O Pairs | 0    | 65    | 0.00       |
| RAM64x18                  | 0    | 34    | 0.00       |
| RAM1K18                   | 0    | 31    | 0.00       |
| MACC                      | 0    | 34    | 0.00       |
| Chip Globals              | 3    | 16    | 18.75      |
| CCC                       | 1    | 6     | 16.67      |
| RCOSC_25_50MHZ            | 1    | 1     | 100.00     |
| RCOSC_1MHZ                | 0    | 1     | 0.00       |
| XTLOSC                    | 0    | 1     | 0.00       |
| MSS                       | 0    | 1     | 0.00       |
+---------------------------+------+-------+------------+

Detailed Logic Resource Usage
+--------------------------+------+-----+
| Type                     | 4LUT | DFF |
+--------------------------+------+-----+
| Fabric Logic             | 43   | 25  |
| RAM64x18 Interface Logic | 0    | 0   |
| RAM1K18 Interface Logic  | 0    | 0   |
| MACC Interface Logic     | 0    | 0   |
| Total Used               | 43   | 25  |
+--------------------------+------+-----+

Detailed Carry Chains Resource Usage
+--------+------+
| Length | Used |
| 18     | 1    |
| 19     | 1    |
| Total  | 2    |
+--------+------+

I/O Function
+-------------------------------+--------------+-------------+-----------------+
| Type                          | w/o register | w/ register | w/ DDR register |
+-------------------------------+--------------+-------------+-----------------+
| Input I/O                     | 1            | 0           | 0               |
| Output I/O                    | 4            | 0           | 0               |
| Bidirectional I/O             | 0            | 0           | 0               |
| Differential Input I/O Pairs  | 0            | 0           | 0               |
| Differential Output I/O Pairs | 0            | 0           | 0               |
+-------------------------------+--------------+-------------+-----------------+

I/O Technology
+--------------+--------+------+-------+--------+---------------+
| I/O Standard | Vddi   | Vref | Input | Output | Bidirectional |
+--------------+--------+------+-------+--------+---------------+
| LVCMOS25     |  2.50v |  N/A |  1    |  4     |  0            |
+--------------+--------+------+-------+--------+---------------+

I/O Placement
+----------+-------+------------+
| Type     | Count | Percentage |
+----------+-------+------------+
| Locked   |  0    | 0.00%      |
| Placed   |  0    | 0.00%      |
| UnPlaced |  5    | 100.00%    |
+----------+-------+------------+

Nets assigned to chip global resources
+--------+---------+---------------------------------------------------------------+
| Fanout | Type    | Name                                                          |
+--------+---------+---------------------------------------------------------------+
| 25     | INT_NET | Net   : AND2_0_Y                                              |
|        |         | Driver: AND2_0_RNIKOS1/U0_RGB1                                |
|        |         | Source: NETLIST                                               |
| 21     | INT_NET | Net   : FCCC_0_GL0                                            |
|        |         | Driver: FCCC_0/FCCC_C0_0/GL0_INST/U0_RGB1                     |
|        |         | Source: NETLIST                                               |
| 4      | INT_NET | Net   : LED_ctrl_0/counter[17]                                |
|        |         | Driver: LED_ctrl_0/counter_inferred_clock_RNIVA6D[17]/U0_RGB1 |
|        |         | Source: NETLIST                                               |
+--------+---------+---------------------------------------------------------------+

Nets assigned to row global resources
+--------+------+------+
| Fanout | Type | Name |
+--------+------+------+
+--------+------+------+

High fanout nets
+--------+---------+----------------------------------+
| Fanout | Type    | Name                             |
+--------+---------+----------------------------------+
| 5      | INT_NET | Net   : AND2_0_Z                 |
|        |         | Driver: AND2_0                   |
| 5      | INT_NET | Net   : LED_ctrl_0/counter[18]   |
|        |         | Driver: LED_ctrl_0/counter[18]   |
| 4      | INT_NET | Net   : LED_ctrl_0/pb_reg2_Z     |
|        |         | Driver: LED_ctrl_0/pb_reg2       |
| 3      | INT_NET | Net   : LED_ctrl_0/counter[0]    |
|        |         | Driver: LED_ctrl_0/counter[0]    |
| 3      | INT_NET | Net   : LED_ctrl_0/counter_0[17] |
|        |         | Driver: LED_ctrl_0/counter[17]   |
| 2      | INT_NET | Net   : LED_ctrl_0/counter[16]   |
|        |         | Driver: LED_ctrl_0/counter[16]   |
| 2      | INT_NET | Net   : LED_ctrl_0/counter[15]   |
|        |         | Driver: LED_ctrl_0/counter[15]   |
| 2      | INT_NET | Net   : LED_ctrl_0/counter[14]   |
|        |         | Driver: LED_ctrl_0/counter[14]   |
| 2      | INT_NET | Net   : LED_ctrl_0/counter[13]   |
|        |         | Driver: LED_ctrl_0/counter[13]   |
| 2      | INT_NET | Net   : LED_ctrl_0/counter[12]   |
|        |         | Driver: LED_ctrl_0/counter[12]   |
+--------+---------+----------------------------------+

High fanout nets (through buffer trees)
+--------+---------+----------------------------------+
| Fanout | Type    | Name                             |
+--------+---------+----------------------------------+
| 5      | INT_NET | Net   : AND2_0_Z                 |
|        |         | Driver: AND2_0                   |
| 5      | INT_NET | Net   : LED_ctrl_0/counter[18]   |
|        |         | Driver: LED_ctrl_0/counter[18]   |
| 4      | INT_NET | Net   : LED_ctrl_0/pb_reg2_Z     |
|        |         | Driver: LED_ctrl_0/pb_reg2       |
| 3      | INT_NET | Net   : LED_ctrl_0/counter[0]    |
|        |         | Driver: LED_ctrl_0/counter[0]    |
| 3      | INT_NET | Net   : LED_ctrl_0/counter_0[17] |
|        |         | Driver: LED_ctrl_0/counter[17]   |
| 2      | INT_NET | Net   : LED_ctrl_0/counter[16]   |
|        |         | Driver: LED_ctrl_0/counter[16]   |
| 2      | INT_NET | Net   : LED_ctrl_0/counter[15]   |
|        |         | Driver: LED_ctrl_0/counter[15]   |
| 2      | INT_NET | Net   : LED_ctrl_0/counter[14]   |
|        |         | Driver: LED_ctrl_0/counter[14]   |
| 2      | INT_NET | Net   : LED_ctrl_0/counter[13]   |
|        |         | Driver: LED_ctrl_0/counter[13]   |
| 2      | INT_NET | Net   : LED_ctrl_0/counter[12]   |
|        |         | Driver: LED_ctrl_0/counter[12]   |
+--------+---------+----------------------------------+

