----------------------------------------------------------------
-Pin Report - Date: Fri Aug  2 17:11:55 2019 Pinchecksum: NOT-AVAILABLE
-Product: Designer
-Release: v12.1
-Version: 12.600.0.14
-Design Name: Fabric_Top
-Family: SmartFusion2
-Die: M2S025
-Package: 256 VF
-----------------------------------------------------------------

Port     |Pin |Fixed |Function                                   |Bank     |I/O Std   |Direction                      |I/O state in Flash*Freeze mode |Resistor Pull                      |I/O available in Flash*Freeze mode |Schmitt Trigger |Odt_Static    |Odt Imp (Ohm)  |Low Power Exit |Input Delay |Slew         |Pre-Emphasis      |Output Drive (mA) |Output Load (pF) |
---------|----|------|-------------------------------------------|---------|----------|-------------------------------|-------------------------------|-----------------------------------|-----------------------------------|----------------|--------------|---------------|---------------|------------|-------------|------------------|------------------|-----------------|
DEVRST_N  M11  Fixed  DEVRST_N                                    ---       
LED[0]    J16  Yes    MSIO11PB2/I2C_1_SDA/GPIO_0_A/CCC_NE0_CLKI0  Bank2     LVCMOS25   Output                          TRISTATE                        None                                No                                  ---              ---            ---             ---             ---          SLOW          ---                4                  5                 
LED[1]    K16  Yes    MSIO4PB2/USB_DATA2_B                        Bank2     LVCMOS25   Output                          TRISTATE                        None                                No                                  ---              ---            ---             ---             ---          SLOW          ---                4                  5                 
LED[2]    M16  Yes    MSIO1NB2/USB_DIR_B                          Bank2     LVCMOS25   Output                          TRISTATE                        None                                No                                  ---              ---            ---             ---             ---          SLOW          ---                4                  5                 
LED[3]    N16  Yes    MSIO1PB2/USB_XCLK_B                         Bank2     LVCMOS25   Output                          TRISTATE                        None                                No                                  ---              ---            ---             ---             ---          SLOW          ---                4                  5                 
PB_SW     H12  Yes    MSI27NB1/MMUART_1_TXD/GPIO_24_B             Bank1     LVCMOS25   Input                           TRISTATE                        None                                No                                  Off              ---            ---             Off             Off          ---           ---                ---                ---               
